finding	sources/sdl-rdp/video/avc/encoder.cpp	members	DestroysSession	_NVENCSTATUS (*)(void *)
finding	sources/sdl-rdp/video/avc/encoder.cpp	members	Driver	CUctx_st *
finding	sources/sdl-rdp/video/avc/encoder.cpp	members	Driver	_NV_ENCODE_API_FUNCTION_LIST
finding	sources/sdl-rdp/video/avc/encoder.cpp	members	Handles	void *
finding	sources/sdl-rdp/video/avc/encoder.cpp	members	Handles	void *
finding	sources/sdl-rdp/video/avc/encoder.cpp	members	Locked	ParametersTy
finding	sources/sdl-rdp/video/avc/encoder.cpp	null checks	DestroysSession::DestroysSession	_NVENCSTATUS (*)(void *)
finding	sources/sdl-rdp/video/avc/encoder.cpp	parameters	DestroysSession::DestroysSession	_NVENCSTATUS (*)(void *)
