count	sdl-rdp/headless-client.test tests	members	23
count	sdl-rdp/headless-client.test tests	null checks	10
count	sdl-rdp/headless-client.test tests	parameters	70
count	sdl-rdp/headless-client.test tests	returns	10
count	sdl-rdp/headless-client.test tests	unchecked	24
count	sdl-rdp/integration	parameters	2
count	sdl-rdp/integration	unchecked	1
count	sdl-rdp/integration tests	members	7
count	sdl-rdp/integration tests	null checks	3
count	sdl-rdp/integration tests	parameters	72
count	sdl-rdp/integration tests	returns	17
count	sdl-rdp/integration tests	unchecked	19
count	sdl-rdp/sample-gate.test tests	members	5
count	sdl-rdp/sample-gate.test tests	parameters	35
count	sdl-rdp/sample-gate.test tests	returns	7
count	sdl-rdp/sample-gate.test tests	unchecked	5
finding	sources/sdl-rdp/audio/channel.cpp	returns	AudioChannel::Event	void *
finding	sources/sdl-rdp/audio/channel.hpp	returns	AudioChannel::Event	void *
finding	sources/sdl-rdp/clipboard/channel.cpp	parameters	ClipboardChannel::Pump	std::span<void *const>
finding	sources/sdl-rdp/clipboard/channel.cpp	returns	ClipboardChannel::Event	void *
finding	sources/sdl-rdp/clipboard/channel.hpp	parameters	ClipboardChannel::Pump	std::span<void *const>
finding	sources/sdl-rdp/clipboard/channel.hpp	returns	ClipboardChannel::Event	void *
finding	sources/sdl-rdp/configuration/authentication.hpp	members	Authentication	sdlrdp_config
finding	sources/sdl-rdp/drive/channel.cpp	parameters	ChannelEvent	void *
finding	sources/sdl-rdp/drive/channel.cpp	parameters	DriveChannel::Pump	std::span<void *const>
finding	sources/sdl-rdp/drive/channel.cpp	returns	ChannelEvent	void *
finding	sources/sdl-rdp/drive/channel.cpp	returns	DriveChannel::Event	void *
finding	sources/sdl-rdp/drive/channel.hpp	members	DriveChannel	void *
finding	sources/sdl-rdp/drive/channel.hpp	parameters	DriveChannel::Pump	std::span<void *const>
finding	sources/sdl-rdp/drive/channel.hpp	returns	DriveChannel::Event	void *
finding	sources/sdl-rdp/freerdp-facade/waitable.cpp	null checks	Waitable::Waitable	void *
finding	sources/sdl-rdp/freerdp-facade/waitable.cpp	parameters	Waitable::Waitable	void *
finding	sources/sdl-rdp/freerdp-facade/waitable.hpp	members	Waitable	void *
finding	sources/sdl-rdp/freerdp-facade/waitable.hpp	parameters	Waitable::Waitable	void *
finding	sources/sdl-rdp/freerdp-facade/wake-event.cpp	returns	WakeEvent::get	void *
finding	sources/sdl-rdp/freerdp-facade/wake-event.hpp	returns	WakeEvent::get	void *
finding	sources/sdl-rdp/input/channel.hpp	parameters	InputChannel::Pump	std::span<void *const>
finding	sources/sdl-rdp/input/channel.hpp	parameters	InputChannel::Pump	std::span<void *const>
finding	sources/sdl-rdp/input/channel.hpp	returns	InputChannel::Event	void *
finding	sources/sdl-rdp/input/channel.hpp	returns	InputChannel::Event	void *
finding	sources/sdl-rdp/input/input.cpp	parameters	Input::Channels	std::span<void *const>
finding	sources/sdl-rdp/input/input.cpp	parameters	Input::Handles	std::span<void *>
finding	sources/sdl-rdp/input/input.cpp	parameters	Input::Handles::lambda#1	void *
finding	sources/sdl-rdp/input/input.cpp	returns	Input::Handles	std::span<void *>
finding	sources/sdl-rdp/input/input.hpp	parameters	Input::Channels	std::span<void *const>
finding	sources/sdl-rdp/input/input.hpp	parameters	Input::Handles	std::span<void *>
finding	sources/sdl-rdp/input/input.hpp	returns	Input::Handles	std::span<void *>
finding	sources/sdl-rdp/input/protocol.cpp	returns	InputProtocol::Handle	void *
finding	sources/sdl-rdp/input/protocol.cpp	returns	InputProtocol::Handle	void *
finding	sources/sdl-rdp/input/protocol.hpp	returns	InputProtocol::Handle	void *
finding	sources/sdl-rdp/input/protocol.hpp	returns	InputProtocol::Handle	void *
finding	sources/sdl-rdp/input/protocol.hpp	returns	InputProtocol::Handle	void *
finding	sources/sdl-rdp/link/peer-link.cpp	returns	PeerLink::Channels	void *
finding	sources/sdl-rdp/link/peer-link.cpp	returns	PeerLink::Wake	void *
finding	sources/sdl-rdp/link/peer-link.hpp	returns	PeerLink::Channels	void *
finding	sources/sdl-rdp/link/peer-link.hpp	returns	PeerLink::Wake	void *
finding	sources/sdl-rdp/peer/channel-set.cpp	parameters	ChannelSet::Callbacks::Register	void *
finding	sources/sdl-rdp/peer/channel-set.cpp	parameters	ChannelSet::Handles	std::span<void *>
finding	sources/sdl-rdp/peer/channel-set.cpp	parameters	ChannelSet::Pump	std::span<void *const>
finding	sources/sdl-rdp/peer/channel-set.cpp	returns	ChannelSet::Handles	std::span<void *>
finding	sources/sdl-rdp/peer/channel-set.hpp	parameters	ChannelSet::Handles	std::span<void *>
finding	sources/sdl-rdp/peer/channel-set.hpp	parameters	ChannelSet::Pump	std::span<void *const>
finding	sources/sdl-rdp/peer/channel-set.hpp	returns	ChannelSet::Handles	std::span<void *>
finding	sources/sdl-rdp/peer/loop.cpp	parameters	PeerLoop::Dispatch	std::span<void *>
finding	sources/sdl-rdp/peer/loop.cpp	parameters	PeerLoop::Dispatch::lambda#1	void *
finding	sources/sdl-rdp/peer/loop.cpp	parameters	PeerLoop::Step	std::span<void *>
finding	sources/sdl-rdp/peer/loop.hpp	parameters	PeerLoop::Dispatch	std::span<void *>
finding	sources/sdl-rdp/peer/loop.hpp	parameters	PeerLoop::Step	std::span<void *>
finding	sources/sdl-rdp/peer/pump.cpp	parameters	PeerPump::Exchange	std::span<void *const>
finding	sources/sdl-rdp/peer/pump.cpp	parameters	PeerPump::Service	std::span<void *const>
finding	sources/sdl-rdp/peer/pump.hpp	parameters	PeerPump::Exchange	std::span<void *const>
finding	sources/sdl-rdp/peer/pump.hpp	parameters	PeerPump::Service	std::span<void *const>
finding	sources/sdl-rdp/peer/redirection.cpp	parameters	Redirection::Handles	std::span<void *>
finding	sources/sdl-rdp/peer/redirection.cpp	parameters	Redirection::OpenStatic	std::span<void *const>
finding	sources/sdl-rdp/peer/redirection.cpp	parameters	Redirection::Sound	std::span<void *const>
finding	sources/sdl-rdp/peer/redirection.cpp	returns	Redirection::Handles	std::span<void *>
finding	sources/sdl-rdp/peer/redirection.hpp	parameters	Redirection::Handles	std::span<void *>
finding	sources/sdl-rdp/peer/redirection.hpp	parameters	Redirection::OpenStatic	std::span<void *const>
finding	sources/sdl-rdp/peer/redirection.hpp	parameters	Redirection::Sound	std::span<void *const>
finding	sources/sdl-rdp/peer/redirection.hpp	returns	Redirection::Handles	std::span<void *>
finding	sources/sdl-rdp/peer/wait.cpp	parameters	PeerWait::Collect	std::span<void *>
finding	sources/sdl-rdp/peer/wait.cpp	parameters	PeerWait::Plan	std::span<void *>
finding	sources/sdl-rdp/peer/wait.hpp	parameters	PeerWait::Collect	std::span<void *>
finding	sources/sdl-rdp/peer/wait.hpp	parameters	PeerWait::Plan	std::span<void *>
finding	sources/sdl-rdp/session/session.cpp	returns	Session::ReapEvent	void *
finding	sources/sdl-rdp/session/session.hpp	returns	Session::ReapEvent	void *
finding	sources/sdl-rdp/video/avc/encoder.cpp	members	DestroysSession	_NVENCSTATUS (*)(void *)
finding	sources/sdl-rdp/video/avc/encoder.cpp	members	Driver	CUctx_st *
finding	sources/sdl-rdp/video/avc/encoder.cpp	members	Driver	_NV_ENCODE_API_FUNCTION_LIST
finding	sources/sdl-rdp/video/avc/encoder.cpp	members	Handles	void *
finding	sources/sdl-rdp/video/avc/encoder.cpp	members	Handles	void *
finding	sources/sdl-rdp/video/avc/encoder.cpp	members	Locked	ParametersTy
finding	sources/sdl-rdp/video/avc/encoder.cpp	null checks	DestroysSession::DestroysSession	_NVENCSTATUS (*)(void *)
finding	sources/sdl-rdp/video/avc/encoder.cpp	parameters	DestroysSession::DestroysSession	_NVENCSTATUS (*)(void *)
finding	sources/sdl-rdp/video/gfx/channel.cpp	returns	GfxChannel::Event	void *
finding	sources/sdl-rdp/video/gfx/channel.hpp	returns	GfxChannel::Event	void *
finding	sources/sdl-rdp/video/graphics-link.cpp	parameters	GraphicsLink::Handles	std::span<void *>
finding	sources/sdl-rdp/video/graphics-link.cpp	parameters	GraphicsLink::Pump	std::span<void *const>
finding	sources/sdl-rdp/video/graphics-link.cpp	returns	GraphicsLink::Handles	std::span<void *>
finding	sources/sdl-rdp/video/graphics-link.hpp	parameters	GraphicsLink::Handles	std::span<void *>
finding	sources/sdl-rdp/video/graphics-link.hpp	parameters	GraphicsLink::Pump	std::span<void *const>
finding	sources/sdl-rdp/video/graphics-link.hpp	returns	GraphicsLink::Handles	std::span<void *>
